PHPUnit 11.5.42 by Sebastian Bergmann and contributors.

Runtime:       PHP 8.4.0
Configuration: C:\Users\kazuma\Documents\e-Admin\phpunit.xml

..................F...................FF.........                 49 / 49 (100%)

Time: 00:03.860, Memory: 16.00 MB

There were 3 failures:

1) Tests\Feature\Auth\RegistrationTest::test_new_users_can_register
The user is not authenticated
Failed asserting that false is true.

C:\Users\kazuma\Documents\e-Admin\vendor\laravel\framework\src\Illuminate\Foundation\Testing\Concerns\InteractsWithAuthentication.php:64
C:\Users\kazuma\Documents\e-Admin\tests\Feature\Auth\RegistrationTest.php:28

2) Tests\Feature\ProfileTest::test_profile_information_can_be_updated
Session has unexpected errors: 

{
    "default": [
        "department id縺ｯ蠢・磯・岼縺ｧ縺吶・
    ]
}
Failed asserting that true is false.

C:\Users\kazuma\Documents\e-Admin\vendor\laravel\framework\src\Illuminate\Testing\TestResponseAssert.php:45
C:\Users\kazuma\Documents\e-Admin\vendor\laravel\framework\src\Illuminate\Testing\TestResponse.php:1655
C:\Users\kazuma\Documents\e-Admin\tests\Feature\ProfileTest.php:37

3) Tests\Feature\ProfileTest::test_email_verification_status_is_unchanged_when_the_email_address_is_unchanged
Session has unexpected errors: 

{
    "default": [
        "department id縺ｯ蠢・磯・岼縺ｧ縺吶・
    ]
}
Failed asserting that true is false.

C:\Users\kazuma\Documents\e-Admin\vendor\laravel\framework\src\Illuminate\Testing\TestResponseAssert.php:45
C:\Users\kazuma\Documents\e-Admin\vendor\laravel\framework\src\Illuminate\Testing\TestResponse.php:1655
C:\Users\kazuma\Documents\e-Admin\tests\Feature\ProfileTest.php:60

FAILURES!
Tests: 49, Assertions: 128, Failures: 3.
